// Jest Snapshot v1, https://goo.gl/fbAQLP

exports[`<App /> matches the snapshot 1`] = `
<div
  className="App"
>
  <Title
    text="New title"
  />
  <header
    className="App-header"
  >
    <img
      alt="logo"
      className="App-logo"
      src="logo.svg"
    />
    <h1
      className="App-title"
    >
      Welcome to React
    </h1>
  </header>
  <p
    className="App-intro"
  >
    To get started, edit 
    <code>
      src/App.js
    </code>
     and save to reload.
  </p>
  <ul
    className="dropdown"
  >
    <li>
      Test1
    </li>
    <li>
      Test2
    </li>
    <li>
      Test3
    </li>
  </ul>
  <p
    className="button-state"
  >
    No
  </p>
  <button
    onClick={[Function]}
  >
    Click
  </button>
  <p
    className="inputText"
  />
  <input
    onChange={[Function]}
  />
  <p
    className="blue"
  >
    Everyone is Welcome!
  </p>
</div>
`;
